// Jest Snapshot v1, https://goo.gl/fbAQLP

exports[`renderer: element handle already mounted VNode: root 1 1`] = `"<div><div></div></div>"`;

exports[`renderer: element handle already mounted VNode: root 2 1`] = `"<div><div></div></div>"`;

exports[`renderer: element simple 1`] = `"<div><div></div></div>"`;

exports[`renderer: element with direct text children 1`] = `"<div><div>I ❤ Vue</div></div>"`;

exports[`renderer: element with props 1`] = `"<div><div id=\\"test\\"></div></div>"`;

exports[`renderer: element with text node children 1`] = `"<div><div>I ❤ Vue</div></div>"`;
